â•­â”€â”€â”€â”€â”€â”€â”€â”€â”€â”€â”€â”€â”€â”€â”€â”€â”€â”€â”€â”€â”€â”€â”€â”€â”€â”€â”€â”€â”€â”€â”€â”€â”€â”€â”€â”€â”€â”€â”€â”€â”€â”€â”€â”€â”€â”€â”€â”€â”€â”€â”€â”€â”€â”€â”€â”€â”€â”€â”€â”€â”€â”€â”€â•®
â”‚Welcome! This tool displays data related to PokÃ©mon!           â”‚
â”‚                                                               â”‚
â”‚ USAGE:                                                        â”‚
â”‚    poke-cli [flag]                                            â”‚
â”‚    poke-cli <command> [flag]                                  â”‚
â”‚    poke-cli <command> <subcommand> [flag]                     â”‚
â”‚                                                               â”‚
â”‚ FLAGS:                                                        â”‚
â”‚    -h, --help      Shows the help menu                        â”‚
â”‚    -l, --latest    Prints the latest version available        â”‚
â”‚    -v, --version   Prints the current version                 â”‚
â”‚                                                               â”‚
â”‚ COMMANDS:                                                     â”‚
â”‚    ability         Get details about an ability               â”‚
â”‚    berry           Get details about a berry                  â”‚
â”‚    item            Get details about an item                  â”‚
â”‚    move            Get details about a move                   â”‚
â”‚    natures         Get details about all natures              â”‚
â”‚    pokemon         Get details about a PokÃ©mon                â”‚
â”‚    search          Search for a resource                      â”‚
â”‚    speed           Calculate the speed of a PokÃ©mon in battle â”‚
â”‚    types           Get details about a typing                 â”‚
â”‚                                                               â”‚
â”‚ hint: when calling a resource with a space, use a hyphen      â”‚
â”‚ example: poke-cli ability strong-jaw                          â”‚
â”‚ example: poke-cli pokemon flutter-mane                        â”‚
â”‚                                                               â”‚
â”‚ â†“ ctrl/cmd + click for docs/guides                            â”‚
â”‚ ]8;;https://docs.poke-cli.com\docs.poke-cli.com]8;;\                                             â”‚
â•°â”€â”€â”€â”€â”€â”€â”€â”€â”€â”€â”€â”€â”€â”€â”€â”€â”€â”€â”€â”€â”€â”€â”€â”€â”€â”€â”€â”€â”€â”€â”€â”€â”€â”€â”€â”€â”€â”€â”€â”€â”€â”€â”€â”€â”€â”€â”€â”€â”€â”€â”€â”€â”€â”€â”€â”€â”€â”€â”€â”€â”€â”€â”€â•¯
