┏━━━━━━━━━━━━━━━━━━━━━━━━━━━━━━┓
┃                              ┃
┃  Latest available version:   ┃
┃  • v1.7.0                    ┃
┃                              ┃
┗━━━━━━━━━━━━━━━━━━━━━━━━━━━━━━┛
