Your selected Pokémon: Victini
This Pokémon brings victory. It is said that Trainers with
Victini always win, regardless of the type of encounter.

                              
   Psychic          Fire      

• National Pokédex #: 494
• Weight: 4.0kg (8.8 lbs)
• Height: 0.4m (1′04″)
• Basic Pokémon
• Egg Group(s): No-Eggs
