Your selected Pokémon: Exeggutor Alola
Its three heads think independently. However, they are
friendly and never appear to squabble.

                              
    Grass          Dragon     

• National Pokédex #: 10114
• Weight: 415.6kg (916.2 lbs)
• Height: 10.9m (35′09″)
• Evolves from: Exeggcute
• Egg Group(s): Plant
──────────
Base Stats
HP         ▇▇▇▇▇▇▇▇▇▇▇▇▇▇▇▇▇▇▇▇▇▇▇▇▇▇▇▇▇▇▇▇▇▇ 95
Atk        ▇▇▇▇▇▇▇▇▇▇▇▇▇▇▇▇▇▇▇▇▇▇▇▇▇▇▇▇▇▇▇▇▇▇▇▇▇ 105
Def        ▇▇▇▇▇▇▇▇▇▇▇▇▇▇▇▇▇▇▇▇▇▇▇▇▇▇▇▇▇▇ 85
Sp. Atk    ▇▇▇▇▇▇▇▇▇▇▇▇▇▇▇▇▇▇▇▇▇▇▇▇▇▇▇▇▇▇▇▇▇▇▇▇▇▇▇▇▇▇▇▇▇ 125
Sp. Def    ▇▇▇▇▇▇▇▇▇▇▇▇▇▇▇▇▇▇▇▇▇▇▇▇▇▇▇ 75
Speed      ▇▇▇▇▇▇▇▇▇▇▇▇▇▇▇▇ 45
Total      530
