Your selected Pokémon: Slowking Galar
It has incredible intellect and intuition. Whatever the
situation, it remains calm and collected.

                              
    Poison        Psychic     

• National Pokédex #: 10172
• Weight: 79.5kg (175.3 lbs)
• Height: 1.8m (5′11″)
• Evolves from: Slowpoke
• Egg Group(s): Monster, Water1
